UNSAFE_CALL in JetFile: jdiEval.kt
UNSAFE_CALL in JetFile: jdiEval.kt
UNSAFE_CALL in JetFile: jdiEval.kt
UNSAFE_CALL in JetFile: jdiEval.kt
UNSAFE_CALL in JetFile: jdiEval.kt
UNSAFE_CALL in JetFile: jdiEval.kt
UNSAFE_CALL in JetFile: jdiEval.kt
UNSAFE_CALL in JetFile: jdiEval.kt
UNSAFE_CALL in JetFile: jdiEval.kt
UNSAFE_CALL in JetFile: jdiEval.kt
TYPE_MISMATCH in JetFile: jdiEval.kt
UNSAFE_CALL in JetFile: jdiEval.kt
UNSAFE_CALL in JetFile: jdiEval.kt
UNSAFE_CALL in JetFile: jdiEval.kt
UNSAFE_CALL in JetFile: jdiEval.kt
UNSAFE_CALL in JetFile: jdiEval.kt
TYPE_MISMATCH in JetFile: jdiEval.kt
UNSAFE_CALL in JetFile: jdiValues.kt
NONE_APPLICABLE in JetFile: jdiValues.kt
UNSAFE_CALL in JetFile: jdiTest.kt
UNSAFE_CALL in JetFile: jdiTest.kt
UNSAFE_CALL in JetFile: jdiTest.kt
UNSAFE_CALL in JetFile: jdiTest.kt
UNSAFE_CALL in JetFile: jdiTest.kt
UNSAFE_CALL in JetFile: jdiTest.kt
UNSAFE_CALL in JetFile: jdiTest.kt
UNSAFE_CALL in JetFile: jdiTest.kt
UNSAFE_CALL in JetFile: jdiTest.kt
ITERATOR_MISSING in JetFile: jdiTest.kt
UNSAFE_CALL in JetFile: jdiTest.kt
UNSAFE_CALL in JetFile: jdiTest.kt
UNSAFE_CALL in JetFile: KotlinSmartStepIntoHandler.kt
UNSAFE_CALL in JetFile: KotlinSmartStepIntoHandler.kt
CANNOT_COMPLETE_RESOLVE in JetFile: ErrorDuringFileAnalyzeNotificationProvider.kt
UNSAFE_CALL in JetFile: SimpleKotlinJpsBuildTest.kt
UNSAFE_CALL in JetFile: SimpleKotlinJpsBuildTest.kt
UNSAFE_CALL in JetFile: SimpleKotlinJpsBuildTest.kt